ElfTestRes/mov.o:     file format elf64-x86-64



Disassembly of section .text:

0000000000000000 <_start>:
   0:	50                   	push   %rax
   1:	57                   	push   %rdi
   2:	bf 80 3e 00 00       	mov    $0x3e80,%edi
   7:	b8 2d 00 00 00       	mov    $0x2d,%eax
   c:	cd 80                	int    $0x80
   e:	5f                   	pop    %rdi
   f:	58                   	pop    %rax
