
ElfTestRes/mov.o:     file format elf64-x86-64


Disassembly of section .text:

0000000000000000 <_start>:
   0:	f7 f0                	div    %eax
   2:	f7 f1                	div    %ecx
   4:	f7 f6                	div    %esi
