
mov.o:     file format elf64-x86-64


Disassembly of section .text:

0000000000000000 <_start>:
   0:	b8 01 00 00 00       	mov    $0x1,%eax
   5:	eb 05                	jmp    c <_test2>

0000000000000007 <_test>:
   7:	b8 03 00 00 00       	mov    $0x3,%eax

000000000000000c <_test2>:
   c:	bb 01 00 00 00       	mov    $0x1,%ebx
  11:	b9 02 00 00 00       	mov    $0x2,%ecx
  16:	eb ef                	jmp    7 <_test>
