
mov.o:     file format elf64-x86-64


Disassembly of section .text:

0000000000000000 <_start>:
   0:	c7 04 25 2a 00 00 00 	movl   $0x10,0x2a
   7:	10 00 00 00 
