
ElfTestRes/mov.o:     file format elf64-x86-64


Disassembly of section .text:

0000000000000000 <_start>:
   0:	f7 d8                	neg    %eax
   2:	f7 d9                	neg    %ecx
   4:	f7 de                	neg    %esi
