
mov.o:     file format elf64-x86-64


Disassembly of section .text:

0000000000000000 <_start>:
   0:	8f 04 25 2a 00 00 00 	pop    0x2a
