
ElfTestRes/mov.o:     file format elf64-x86-64


Disassembly of section .text:

0000000000000000 <_start>:
   0:	29 d8                	sub    %ebx,%eax
   2:	29 d1                	sub    %edx,%ecx
   4:	29 fe                	sub    %edi,%esi

0000000000000006 <_imm>:
   6:	83 e8 01             	sub    $0x1,%eax
   9:	83 eb 2a             	sub    $0x2a,%ebx
   c:	83 e9 f6             	sub    $0xfffffff6,%ecx
